#-----------------------------------------------------------
# Vivado v2015.2 (64-bit)
# SW Build 1266856 on Fri Jun 26 16:35:25 MDT 2015
# IP Build 1264090 on Wed Jun 24 14:22:01 MDT 2015
# Start of session at: Wed May 30 16:57:46 2018
# Process ID: 8744
# Log file: C:/Users/vamsi/Desktop/AXI_Slave_Interface/AXI_RAM_SLAVE/vivado.log
# Journal file: C:/Users/vamsi/Desktop/AXI_Slave_Interface/AXI_RAM_SLAVE\vivado.jou
#-----------------------------------------------------------
start_gui
open_project C:/Users/vamsi/Desktop/AXI_Slave_Interface/AXI_RAM_SLAVE/AXI_RAM_SLAVE.xpr
# Disabling source management mode.  This is to allow the top design properties to be set without GUI intervention.
set_property source_mgmt_mode None [current_project]
set_property top RAM_Module [current_fileset]
# Re-enabling previously disabled source management mode.
set_property source_mgmt_mode All [current_project]
update_compile_order -fileset sources_1
launch_simulation
source RAM_Module.tcl
synth_design -rtl -name rtl_1
set_property STEPS.SYNTH_DESIGN.ARGS.FLATTEN_HIERARCHY none [get_runs synth_1]
launch_runs synth_1
wait_on_run synth_1
reset_run synth_1 -noclean_dir 
refresh_design
close_sim
